[0m07:01:48.292935 [debug] [MainThread]: Sending event: {'category': 'dbt', 'action': 'invocation', 'label': 'start', 'context': [<snowplow_tracker.self_describing_json.SelfDescribingJson object at 0x74b13328c6a0>, <snowplow_tracker.self_describing_json.SelfDescribingJson object at 0x74b131e57f40>, <snowplow_tracker.self_describing_json.SelfDescribingJson object at 0x74b131e57ee0>]}


============================== 07:01:48.299384 | 6aa8458b-f195-4d4d-8cd6-f37b96f1bdaf ==============================
[0m07:01:48.299384 [info ] [MainThread]: Running with dbt=1.12.5
[0m07:01:48.300714 [debug] [MainThread]: running dbt with arguments {'target_path': 'None', 'indirect_selection': 'eager', 'warn_error': 'None', 'warn_error_options': 'WarnErrorOptionsV2(error=[], warn=[], silence=[])', 'write_json': 'True', 'invocation_command': 'dbt init dbt_airflow_project', 'static_parser': 'True', 'fail_fast': 'False', 'use_experimental_parser': 'False', 'introspect': 'True', 'log_path': 'logs', 'maximum_seed_size_mib': '1', 'quiet': 'False', 'empty': 'None', 'debug': 'False', 'partial_parse': 'True', 'log_cache_events': 'False', 'printer_width': '80', 'use_colors': 'True', 'no_print': 'None', 'profiles_dir': '/workspaces/airflow-dbt-case/dbt_project', 'version_check': 'True', 'send_anonymous_usage_stats': 'True', 'log_format': 'default', 'cache_selected_only': 'False', 'hints_enabled': 'True'}
[0m07:01:48.318609 [info ] [MainThread]: Creating dbt configuration folder at /workspaces/airflow-dbt-case/dbt_project
[0m07:01:48.320880 [debug] [MainThread]: Starter project path: /home/vscode/.local/lib/python3.10/site-packages/dbt/include/starter_project
[0m07:01:48.326639 [info ] [MainThread]: Setting up your profile.
[0m07:01:50.010840 [info ] [MainThread]: Profile dbt_airflow_project written to /workspaces/airflow-dbt-case/dbt_project/profiles.yml using target's sample configuration. Once updated, you'll be able to start developing with dbt.
[0m07:01:50.012383 [info ] [MainThread]: Running dbt debug to validate the project...
[0m07:01:50.013189 [info ] [MainThread]: dbt version: 1.12.5
[0m07:01:50.013623 [info ] [MainThread]: python version: 3.10.18
[0m07:01:50.013976 [info ] [MainThread]: python path: /usr/local/bin/python3.10
[0m07:01:50.014304 [info ] [MainThread]: os info: Linux-6.8.0-1064-azure-x86_64-with-glibc2.31
[0m07:01:50.088063 [info ] [MainThread]: Using profiles dir at /workspaces/airflow-dbt-case/dbt_project
[0m07:01:50.092967 [info ] [MainThread]: Using profiles.yml file at /workspaces/airflow-dbt-case/dbt_project/profiles.yml
[0m07:01:50.095546 [info ] [MainThread]: Using dbt_project.yml file at /workspaces/airflow-dbt-case/dbt_airflow_project/dbt_project.yml
[0m07:01:50.099383 [info ] [MainThread]: adapter type: duckdb
[0m07:01:50.100408 [info ] [MainThread]: adapter version: 1.11.0
[0m07:01:50.236412 [info ] [MainThread]: Configuration:
[0m07:01:50.237211 [info ] [MainThread]:   profiles.yml file [[32mOK found and valid[0m]
[0m07:01:50.237718 [info ] [MainThread]:   dbt_project.yml file [[32mOK found and valid[0m]
[0m07:01:50.238150 [info ] [MainThread]: Required dependencies:
[0m07:01:50.238625 [debug] [MainThread]: Executing "git --help"
[0m07:01:50.240775 [debug] [MainThread]: STDOUT: "b"usage: git [-v | --version] [-h | --help] [-C <path>] [-c <name>=<value>]\n           [--exec-path[=<path>]] [--html-path] [--man-path] [--info-path]\n           [-p | --paginate | -P | --no-pager] [--no-replace-objects] [--no-lazy-fetch]\n           [--no-optional-locks] [--no-advice] [--bare] [--git-dir=<path>]\n           [--work-tree=<path>] [--namespace=<name>] [--config-env=<name>=<envvar>]\n           <command> [<args>]\n\nThese are common Git commands used in various situations:\n\nstart a working area (see also: git help tutorial)\n   clone      Clone a repository into a new directory\n   init       Create an empty Git repository or reinitialize an existing one\n\nwork on the current change (see also: git help everyday)\n   add        Add file contents to the index\n   mv         Move or rename a file, a directory, or a symlink\n   restore    Restore working tree files\n   rm         Remove files from the working tree and from the index\n\nexamine the history and state (see also: git help revisions)\n   bisect     Use binary search to find the commit that introduced a bug\n   diff       Show changes between commits, commit and working tree, etc\n   grep       Print lines matching a pattern\n   log        Show commit logs\n   show       Show various types of objects\n   status     Show the working tree status\n\ngrow, mark and tweak your common history\n   backfill   Download missing objects in a partial clone\n   branch     List, create, or delete branches\n   commit     Record changes to the repository\n   merge      Join two or more development histories together\n   rebase     Reapply commits on top of another base tip\n   reset      Reset current HEAD to the specified state\n   switch     Switch branches\n   tag        Create, list, delete or verify a tag object signed with GPG\n\ncollaborate (see also: git help workflows)\n   fetch      Download objects and refs from another repository\n   pull       Fetch from and integrate with another repository or a local branch\n   push       Update remote refs along with associated objects\n\n'git help -a' and 'git help -g' list available subcommands and some\nconcept guides. See 'git help <command>' or 'git help <concept>'\nto read about a specific subcommand or concept.\nSee 'git help git' for an overview of the system.\n""
[0m07:01:50.241365 [debug] [MainThread]: STDERR: "b''"
[0m07:01:50.241773 [info ] [MainThread]:  - git [[32mOK found[0m]

[0m07:01:50.242187 [info ] [MainThread]: Connection:
[0m07:01:50.242946 [info ] [MainThread]:   database: dev
[0m07:01:50.243373 [info ] [MainThread]:   schema: main
[0m07:01:50.243845 [info ] [MainThread]:   path: dev.duckdb
[0m07:01:50.244378 [info ] [MainThread]:   config_options: None
[0m07:01:50.244906 [info ] [MainThread]:   extensions: None
[0m07:01:50.245386 [info ] [MainThread]:   settings: {}
[0m07:01:50.245974 [info ] [MainThread]:   external_root: .
[0m07:01:50.246504 [info ] [MainThread]:   use_credential_provider: None
[0m07:01:50.247011 [info ] [MainThread]:   attach: None
[0m07:01:50.247470 [info ] [MainThread]:   filesystems: None
[0m07:01:50.247970 [info ] [MainThread]:   remote: None
[0m07:01:50.248987 [info ] [MainThread]:   plugins: None
[0m07:01:50.249643 [info ] [MainThread]:   disable_transactions: False
[0m07:01:50.250420 [info ] [MainThread]: Registered adapter: duckdb=1.11.0
[0m07:01:50.458265 [debug] [MainThread]: Acquiring new duckdb connection 'debug'
[0m07:01:50.549726 [debug] [MainThread]: Using duckdb connection "debug"
[0m07:01:50.550460 [debug] [MainThread]: On debug: select 1 as id
[0m07:01:50.550929 [debug] [MainThread]: Opening a new connection, currently in state init
[0m07:01:50.569410 [debug] [MainThread]: SQL status: OK in 0.018 seconds
[0m07:01:50.570599 [debug] [MainThread]: On debug: Close
[0m07:01:50.571078 [info ] [MainThread]:   Connection test: [[32mOK connection ok[0m]

[0m07:01:50.571718 [info ] [MainThread]: [32mAll checks passed![0m
[0m07:01:50.572202 [info ] [MainThread]: Your new dbt project "dbt_airflow_project" was created!
Initialized new project in /workspaces/airflow-dbt-case/dbt_airflow_project/dbt_airflow_project

For more information on how to configure the profiles.yml file,
please consult the dbt documentation here:

  https://docs.getdbt.com/docs/configure-your-profile

One more thing:

Need help? Don't hesitate to reach out to us via GitHub issues or on Slack:

  https://community.getdbt.com/

Happy modeling!

[0m07:01:50.573289 [debug] [MainThread]: Resource report: {"command_name": "init", "command_success": true, "command_wall_clock_time": 2.4258265, "process_in_blocks": "0", "process_kernel_time": 0.190759, "process_mem_max_rss": "147924", "process_out_blocks": "104", "process_user_time": 2.430709}
[0m07:01:50.573935 [debug] [MainThread]: Command `dbt init` succeeded at 07:01:50.573824 after 2.43 seconds
[0m07:01:50.574326 [debug] [MainThread]: Connection 'debug' was properly closed.
[0m07:01:50.574788 [debug] [MainThread]: Sending event: {'category': 'dbt', 'action': 'invocation', 'label': 'end', 'context': [<snowplow_tracker.self_describing_json.SelfDescribingJson object at 0x74b13328c6a0>, <snowplow_tracker.self_describing_json.SelfDescribingJson object at 0x74b12ce403a0>, <snowplow_tracker.self_describing_json.SelfDescribingJson object at 0x74b12ce40790>]}
[0m07:01:50.575244 [debug] [MainThread]: Flushing usage events
[0m07:01:50.940868 [debug] [MainThread]: An error was encountered while trying to flush usage events
